Error: backslash followed by invalid character.
Cannot decode string "Hello \World!".
