Error: double quote in middle of string not escaped.
Cannot decode string "Hello "World!".
