Error: input string not closed by double quote.
Cannot decode string "Hello World!\".
