Cannot decode string "This is a 256 byte string AberrationAberrationAberrationAberrationAberrationAberrationAberrationAberrationAberrationAberrationAberrationAberrationAberrationAberrationAberrationAberrationAberrationAberrationAberrationAberrationAberrationAberrationAberration".
