Error: failed to read \0xHH hex value.
Cannot decode string "Hello World!\0x".
