Error: input string not beginning with a double quote.
Cannot decode string .
