Successfully decoded and encoded string.
Input  : "Hello\0xAAWorld!"
Decoded: HelloªWorld!
Encoded: "Hello\0xaaWorld!"
