Successfully decoded and encoded string.
Input  : "\\0"
Decoded: \0
Encoded: "\\0"
