Successfully decoded and encoded string.
Input  : "Hello World!"
Decoded: Hello World!
Encoded: "Hello World!"
