Successfully decoded and encoded string.
Input  : ""
Decoded: 
Encoded: ""
