Successfully decoded and encoded string.
Input  : "Hello\nWorld!"
Decoded: Hello
World!
Encoded: "Hello\nWorld!"
