Successfully decoded and encoded string.
Input  : "Hello\0xAaWorld!"
Decoded: HelloªWorld!
Encoded: "Hello\0xaaWorld!"
