Successfully decoded and encoded string.
Input  : "Hello\tWorld!"
Decoded: Hello	World!
Encoded: "Hello\tWorld!"
